******************************************************************************
             TMS320C2000 Linker PC v6.2.0                      
******************************************************************************
>> Linked Mon Jun 29 16:43:28 2020

OUTPUT FILE NAME:   <28335_Oled.out>
ENTRY POINT SYMBOL: "_c_int00"  address: 0000980b


MEMORY CONFIGURATION

         name            origin    length      used     unused   attr    fill
----------------------  --------  ---------  --------  --------  ----  --------
PAGE 0:
  BEGIN                 00000000   00000002  00000002  00000000  RWIX
  RAMM0                 00000050   000003b0  00000000  000003b0  RWIX
  RAML0                 00008000   00001000  00000853  000007ad  RWIX
  RAML1                 00009000   00001000  00000929  000006d7  RWIX
  RAML2                 0000a000   00001000  00000000  00001000  RWIX
  RAML3                 0000b000   00001000  00000000  00001000  RWIX
  ZONE7A                00200000   0000fc00  00000000  0000fc00  RWIX
  CSM_RSVD              0033ff80   00000076  00000000  00000076  RWIX
  CSM_PWL               0033fff8   00000008  00000000  00000008  RWIX
  ADC_CAL               00380080   00000009  00000007  00000002  RWIX
  IQTABLES              003fe000   00000b50  00000000  00000b50  RWIX
  IQTABLES2             003feb50   0000008c  00000000  0000008c  RWIX
  FPUTABLES             003febdc   000006a0  00000000  000006a0  RWIX
  BOOTROM               003ff27c   00000d44  00000000  00000d44  RWIX
  RESET                 003fffc0   00000002  00000000  00000002  RWIX

PAGE 1:
  BOOT_RSVD             00000002   0000004e  00000000  0000004e  RWIX
  RAMM1                 00000400   00000400  00000300  00000100  RWIX
  DEV_EMU               00000880   00000180  000000d0  000000b0  RWIX
  FLASH_REGS            00000a80   00000060  00000008  00000058  RWIX
  CSM                   00000ae0   00000010  00000010  00000000  RWIX
  ADC_MIRROR            00000b00   00000010  00000010  00000000  RWIX
  XINTF                 00000b20   00000020  0000001e  00000002  RWIX
  CPU_TIMER0            00000c00   00000008  00000008  00000000  RWIX
  CPU_TIMER1            00000c08   00000008  00000008  00000000  RWIX
  CPU_TIMER2            00000c10   00000008  00000008  00000000  RWIX
  PIE_CTRL              00000ce0   00000020  0000001a  00000006  RWIX
  PIE_VECT              00000d00   00000100  00000100  00000000  RWIX
  DMA                   00001000   00000200  000000e0  00000120  RWIX
  MCBSPA                00005000   00000040  00000025  0000001b  RWIX
  MCBSPB                00005040   00000040  00000025  0000001b  RWIX
  ECANA                 00006000   00000040  00000034  0000000c  RWIX
  ECANA_LAM             00006040   00000040  00000040  00000000  RWIX
  ECANA_MOTS            00006080   00000040  00000040  00000000  RWIX
  ECANA_MOTO            000060c0   00000040  00000040  00000000  RWIX
  ECANA_MBOX            00006100   00000100  00000100  00000000  RWIX
  ECANB                 00006200   00000040  00000034  0000000c  RWIX
  ECANB_LAM             00006240   00000040  00000040  00000000  RWIX
  ECANB_MOTS            00006280   00000040  00000040  00000000  RWIX
  ECANB_MOTO            000062c0   00000040  00000040  00000000  RWIX
  ECANB_MBOX            00006300   00000100  00000100  00000000  RWIX
  EPWM1                 00006800   00000022  00000022  00000000  RWIX
  EPWM2                 00006840   00000022  00000022  00000000  RWIX
  EPWM3                 00006880   00000022  00000022  00000000  RWIX
  EPWM4                 000068c0   00000022  00000022  00000000  RWIX
  EPWM5                 00006900   00000022  00000022  00000000  RWIX
  EPWM6                 00006940   00000022  00000022  00000000  RWIX
  ECAP1                 00006a00   00000020  00000020  00000000  RWIX
  ECAP2                 00006a20   00000020  00000020  00000000  RWIX
  ECAP3                 00006a40   00000020  00000020  00000000  RWIX
  ECAP4                 00006a60   00000020  00000020  00000000  RWIX
  ECAP5                 00006a80   00000020  00000020  00000000  RWIX
  ECAP6                 00006aa0   00000020  00000020  00000000  RWIX
  EQEP1                 00006b00   00000040  00000040  00000000  RWIX
  EQEP2                 00006b40   00000040  00000040  00000000  RWIX
  GPIOCTRL              00006f80   00000040  0000002e  00000012  RWIX
  GPIODAT               00006fc0   00000020  00000020  00000000  RWIX
  GPIOINT               00006fe0   00000020  0000000a  00000016  RWIX
  SYSTEM                00007010   00000020  00000020  00000000  RWIX
  SPIA                  00007040   00000010  00000010  00000000  RWIX
  SCIA                  00007050   00000010  00000010  00000000  RWIX
  XINTRUPT              00007070   00000010  00000010  00000000  RWIX
  ADC                   00007100   00000020  0000001e  00000002  RWIX
  SCIB                  00007750   00000010  00000010  00000000  RWIX
  SCIC                  00007770   00000010  00000010  00000000  RWIX
  I2CA                  00007900   00000040  00000022  0000001e  RWIX
  RAML4                 0000c000   00001000  00000838  000007c8  RWIX
  RAML5                 0000d000   00001000  00000100  00000f00  RWIX
  RAML6                 0000e000   00001000  00000000  00001000  RWIX
  RAML7                 0000f000   00001000  00000000  00001000  RWIX
  ZONE7B                0020fc00   00000400  00000000  00000400  RWIX
  CSM_PWL               0033fff8   00000008  00000008  00000000  RWIX
  PARTID                00380090   00000001  00000000  00000001  RWIX


SECTION ALLOCATION MAP

 output                                  attributes/
section   page    origin      length       input sections
--------  ----  ----------  ----------   ----------------
codestart 
*          0    00000000    00000002     
                  00000000    00000002     DSP2833x_CodeStartBranch.obj (codestart)

.pinit     0    00008000    00000000     UNINITIALIZED

.cinit     0    00008000    00000834     
                  00008000    0000081e     Oled.obj (.cinit)
                  0000881e    0000000a     rts2800_fpu32.lib : _lock.obj (.cinit)
                  00008828    0000000a                       : exit.obj (.cinit)
                  00008832    00000002     --HOLE-- [fill = 0]

ramfuncs   0    00008834    0000001f     
                  00008834    0000001b     DSP2833x_SysCtrl.obj (ramfuncs)
                  0000884f    00000004     DSP2833x_usDelay.obj (ramfuncs)

.text      0    00009000    00000929     
                  00009000    00000330     Oled.obj (.text)
                  00009330    00000316     DSP2833x_DefaultIsr.obj (.text:retain)
                  00009646    000000f3     DSP2833x_SysCtrl.obj (.text)
                  00009739    00000088     rts2800_fpu32.lib : fs_div.obj (.text)
                  000097c1    0000004a     main.obj (.text)
                  0000980b    00000046     rts2800_fpu32.lib : boot.obj (.text)
                  00009851    00000028     DSP2833x_PieCtrl.obj (.text)
                  00009879    00000022     rts2800_fpu32.lib : i_div.obj (.text)
                  0000989b    00000020     DSP2833x_PieVect.obj (.text)
                  000098bb    00000019     rts2800_fpu32.lib : args_main.obj (.text)
                  000098d4    00000019                       : exit.obj (.text)
                  000098ed    00000017     DSP2833x_Gpio.obj (.text)
                  00009904    00000014     leds.obj (.text)
                  00009918    00000009     rts2800_fpu32.lib : _lock.obj (.text)
                  00009921    00000008     DSP2833x_CodeStartBranch.obj (.text)

csm_rsvd   0    0033ff80    00000000     DSECT

csmpasswds 
*          0    0033fff8    00000000     DSECT

.adc_cal   0    00380080    00000007     NOLOAD SECTION
                  00380080    00000007     DSP2833x_ADC_cal.obj (.adc_cal)

.reset     0    003fffc0    00000002     DSECT
                  003fffc0    00000002     rts2800_fpu32.lib : boot.obj (.reset)

.stack     1    00000400    00000300     UNINITIALIZED
                  00000400    00000300     --HOLE--

DevEmuRegsFile 
*          1    00000880    000000d0     UNINITIALIZED
                  00000880    000000d0     DSP2833x_GlobalVariableDefs.obj (DevEmuRegsFile)

FlashRegsFile 
*          1    00000a80    00000008     UNINITIALIZED
                  00000a80    00000008     DSP2833x_GlobalVariableDefs.obj (FlashRegsFile)

CsmRegsFile 
*          1    00000ae0    00000010     UNINITIALIZED
                  00000ae0    00000010     DSP2833x_GlobalVariableDefs.obj (CsmRegsFile)

AdcMirrorFile 
*          1    00000b00    00000010     UNINITIALIZED
                  00000b00    00000010     DSP2833x_GlobalVariableDefs.obj (AdcMirrorFile)

XintfRegsFile 
*          1    00000b20    0000001e     UNINITIALIZED
                  00000b20    0000001e     DSP2833x_GlobalVariableDefs.obj (XintfRegsFile)

CpuTimer0RegsFile 
*          1    00000c00    00000008     UNINITIALIZED
                  00000c00    00000008     DSP2833x_GlobalVariableDefs.obj (CpuTimer0RegsFile)

CpuTimer1RegsFile 
*          1    00000c08    00000008     UNINITIALIZED
                  00000c08    00000008     DSP2833x_GlobalVariableDefs.obj (CpuTimer1RegsFile)

CpuTimer2RegsFile 
*          1    00000c10    00000008     UNINITIALIZED
                  00000c10    00000008     DSP2833x_GlobalVariableDefs.obj (CpuTimer2RegsFile)

PieCtrlRegsFile 
*          1    00000ce0    0000001a     UNINITIALIZED
                  00000ce0    0000001a     DSP2833x_GlobalVariableDefs.obj (PieCtrlRegsFile)

PieVectTableFile 
*          1    00000d00    00000100     UNINITIALIZED
                  00000d00    00000100     DSP2833x_GlobalVariableDefs.obj (PieVectTableFile)

DmaRegsFile 
*          1    00001000    000000e0     UNINITIALIZED
                  00001000    000000e0     DSP2833x_GlobalVariableDefs.obj (DmaRegsFile)

McbspaRegsFile 
*          1    00005000    00000025     UNINITIALIZED
                  00005000    00000025     DSP2833x_GlobalVariableDefs.obj (McbspaRegsFile)

McbspbRegsFile 
*          1    00005040    00000025     UNINITIALIZED
                  00005040    00000025     DSP2833x_GlobalVariableDefs.obj (McbspbRegsFile)

ECanaRegsFile 
*          1    00006000    00000034     UNINITIALIZED
                  00006000    00000034     DSP2833x_GlobalVariableDefs.obj (ECanaRegsFile)

ECanaLAMRegsFile 
*          1    00006040    00000040     UNINITIALIZED
                  00006040    00000040     DSP2833x_GlobalVariableDefs.obj (ECanaLAMRegsFile)

ECanaMOTSRegsFile 
*          1    00006080    00000040     UNINITIALIZED
                  00006080    00000040     DSP2833x_GlobalVariableDefs.obj (ECanaMOTSRegsFile)

ECanaMOTORegsFile 
*          1    000060c0    00000040     UNINITIALIZED
                  000060c0    00000040     DSP2833x_GlobalVariableDefs.obj (ECanaMOTORegsFile)

ECanaMboxesFile 
*          1    00006100    00000100     UNINITIALIZED
                  00006100    00000100     DSP2833x_GlobalVariableDefs.obj (ECanaMboxesFile)

ECanbRegsFile 
*          1    00006200    00000034     UNINITIALIZED
                  00006200    00000034     DSP2833x_GlobalVariableDefs.obj (ECanbRegsFile)

ECanbLAMRegsFile 
*          1    00006240    00000040     UNINITIALIZED
                  00006240    00000040     DSP2833x_GlobalVariableDefs.obj (ECanbLAMRegsFile)

ECanbMOTSRegsFile 
*          1    00006280    00000040     UNINITIALIZED
                  00006280    00000040     DSP2833x_GlobalVariableDefs.obj (ECanbMOTSRegsFile)

ECanbMOTORegsFile 
*          1    000062c0    00000040     UNINITIALIZED
                  000062c0    00000040     DSP2833x_GlobalVariableDefs.obj (ECanbMOTORegsFile)

ECanbMboxesFile 
*          1    00006300    00000100     UNINITIALIZED
                  00006300    00000100     DSP2833x_GlobalVariableDefs.obj (ECanbMboxesFile)

EPwm1RegsFile 
*          1    00006800    00000022     UNINITIALIZED
                  00006800    00000022     DSP2833x_GlobalVariableDefs.obj (EPwm1RegsFile)

EPwm2RegsFile 
*          1    00006840    00000022     UNINITIALIZED
                  00006840    00000022     DSP2833x_GlobalVariableDefs.obj (EPwm2RegsFile)

EPwm3RegsFile 
*          1    00006880    00000022     UNINITIALIZED
                  00006880    00000022     DSP2833x_GlobalVariableDefs.obj (EPwm3RegsFile)

EPwm4RegsFile 
*          1    000068c0    00000022     UNINITIALIZED
                  000068c0    00000022     DSP2833x_GlobalVariableDefs.obj (EPwm4RegsFile)

EPwm5RegsFile 
*          1    00006900    00000022     UNINITIALIZED
                  00006900    00000022     DSP2833x_GlobalVariableDefs.obj (EPwm5RegsFile)

EPwm6RegsFile 
*          1    00006940    00000022     UNINITIALIZED
                  00006940    00000022     DSP2833x_GlobalVariableDefs.obj (EPwm6RegsFile)

ECap1RegsFile 
*          1    00006a00    00000020     UNINITIALIZED
                  00006a00    00000020     DSP2833x_GlobalVariableDefs.obj (ECap1RegsFile)

ECap2RegsFile 
*          1    00006a20    00000020     UNINITIALIZED
                  00006a20    00000020     DSP2833x_GlobalVariableDefs.obj (ECap2RegsFile)

ECap3RegsFile 
*          1    00006a40    00000020     UNINITIALIZED
                  00006a40    00000020     DSP2833x_GlobalVariableDefs.obj (ECap3RegsFile)

ECap4RegsFile 
*          1    00006a60    00000020     UNINITIALIZED
                  00006a60    00000020     DSP2833x_GlobalVariableDefs.obj (ECap4RegsFile)

ECap5RegsFile 
*          1    00006a80    00000020     UNINITIALIZED
                  00006a80    00000020     DSP2833x_GlobalVariableDefs.obj (ECap5RegsFile)

ECap6RegsFile 
*          1    00006aa0    00000020     UNINITIALIZED
                  00006aa0    00000020     DSP2833x_GlobalVariableDefs.obj (ECap6RegsFile)

EQep1RegsFile 
*          1    00006b00    00000040     UNINITIALIZED
                  00006b00    00000040     DSP2833x_GlobalVariableDefs.obj (EQep1RegsFile)

EQep2RegsFile 
*          1    00006b40    00000040     UNINITIALIZED
                  00006b40    00000040     DSP2833x_GlobalVariableDefs.obj (EQep2RegsFile)

GpioCtrlRegsFile 
*          1    00006f80    0000002e     UNINITIALIZED
                  00006f80    0000002e     DSP2833x_GlobalVariableDefs.obj (GpioCtrlRegsFile)

GpioDataRegsFile 
*          1    00006fc0    00000020     UNINITIALIZED
                  00006fc0    00000020     DSP2833x_GlobalVariableDefs.obj (GpioDataRegsFile)

GpioIntRegsFile 
*          1    00006fe0    0000000a     UNINITIALIZED
                  00006fe0    0000000a     DSP2833x_GlobalVariableDefs.obj (GpioIntRegsFile)

SysCtrlRegsFile 
*          1    00007010    00000020     UNINITIALIZED
                  00007010    00000020     DSP2833x_GlobalVariableDefs.obj (SysCtrlRegsFile)

SpiaRegsFile 
*          1    00007040    00000010     UNINITIALIZED
                  00007040    00000010     DSP2833x_GlobalVariableDefs.obj (SpiaRegsFile)

SciaRegsFile 
*          1    00007050    00000010     UNINITIALIZED
                  00007050    00000010     DSP2833x_GlobalVariableDefs.obj (SciaRegsFile)

XIntruptRegsFile 
*          1    00007070    00000010     UNINITIALIZED
                  00007070    00000010     DSP2833x_GlobalVariableDefs.obj (XIntruptRegsFile)

AdcRegsFile 
*          1    00007100    0000001e     UNINITIALIZED
                  00007100    0000001e     DSP2833x_GlobalVariableDefs.obj (AdcRegsFile)

ScibRegsFile 
*          1    00007750    00000010     UNINITIALIZED
                  00007750    00000010     DSP2833x_GlobalVariableDefs.obj (ScibRegsFile)

ScicRegsFile 
*          1    00007770    00000010     UNINITIALIZED
                  00007770    00000010     DSP2833x_GlobalVariableDefs.obj (ScicRegsFile)

I2caRegsFile 
*          1    00007900    00000022     UNINITIALIZED
                  00007900    00000022     DSP2833x_GlobalVariableDefs.obj (I2caRegsFile)

.ebss      1    0000c000    00000838     UNINITIALIZED
                  0000c000    00000830     Oled.obj (.ebss)
                  0000c830    00000004     rts2800_fpu32.lib : _lock.obj (.ebss)
                  0000c834    00000004                       : exit.obj (.ebss)

.econst    1    0000d000    00000100     
                  0000d000    00000100     DSP2833x_PieVect.obj (.econst)

CsmPwlFile 
*          1    0033fff8    00000008     UNINITIALIZED
                  0033fff8    00000008     DSP2833x_GlobalVariableDefs.obj (CsmPwlFile)


GLOBAL DATA SYMBOLS: SORTED BY DATA PAGE

address     data page           name
--------    ----------------    ----
00000400      10 (00000400)     __stack

00000880      22 (00000880)     _DevEmuRegs

00000a80      2a (00000a80)     _FlashRegs

00000ae0      2b (00000ac0)     _CsmRegs

00000b00      2c (00000b00)     _AdcMirror
00000b20      2c (00000b00)     _XintfRegs

00000c00      30 (00000c00)     _CpuTimer0Regs
00000c08      30 (00000c00)     _CpuTimer1Regs
00000c10      30 (00000c00)     _CpuTimer2Regs

00000ce0      33 (00000cc0)     _PieCtrlRegs

00000d00      34 (00000d00)     _PieVectTable

00001000      40 (00001000)     _DmaRegs

00005000     140 (00005000)     _McbspaRegs

00005040     141 (00005040)     _McbspbRegs

00006000     180 (00006000)     _ECanaRegs

00006040     181 (00006040)     _ECanaLAMRegs

00006080     182 (00006080)     _ECanaMOTSRegs

000060c0     183 (000060c0)     _ECanaMOTORegs

00006100     184 (00006100)     _ECanaMboxes

00006200     188 (00006200)     _ECanbRegs

00006240     189 (00006240)     _ECanbLAMRegs

00006280     18a (00006280)     _ECanbMOTSRegs

000062c0     18b (000062c0)     _ECanbMOTORegs

00006300     18c (00006300)     _ECanbMboxes

00006800     1a0 (00006800)     _EPwm1Regs

00006840     1a1 (00006840)     _EPwm2Regs

00006880     1a2 (00006880)     _EPwm3Regs

000068c0     1a3 (000068c0)     _EPwm4Regs

00006900     1a4 (00006900)     _EPwm5Regs

00006940     1a5 (00006940)     _EPwm6Regs

00006a00     1a8 (00006a00)     _ECap1Regs
00006a20     1a8 (00006a00)     _ECap2Regs

00006a40     1a9 (00006a40)     _ECap3Regs
00006a60     1a9 (00006a40)     _ECap4Regs

00006a80     1aa (00006a80)     _ECap5Regs
00006aa0     1aa (00006a80)     _ECap6Regs

00006b00     1ac (00006b00)     _EQep1Regs

00006b40     1ad (00006b40)     _EQep2Regs

00006f80     1be (00006f80)     _GpioCtrlRegs

00006fc0     1bf (00006fc0)     _GpioDataRegs
00006fe0     1bf (00006fc0)     _GpioIntRegs

00007010     1c0 (00007000)     _SysCtrlRegs

00007040     1c1 (00007040)     _SpiaRegs
00007050     1c1 (00007040)     _SciaRegs
00007070     1c1 (00007040)     _XIntruptRegs

00007100     1c4 (00007100)     _AdcRegs

00007750     1dd (00007740)     _ScibRegs
00007770     1dd (00007740)     _ScicRegs

00007900     1e4 (00007900)     _I2caRegs

0000c830     320 (0000c800)     __unlock
0000c832     320 (0000c800)     __lock
0000c834     320 (0000c800)     ___TI_cleanup_ptr
0000c836     320 (0000c800)     ___TI_dtors_ptr

0000d000     340 (0000d000)     _PieVectTableInit

0033fff8    cfff (0033ffc0)     _CsmPwl


GLOBAL SYMBOLS: SORTED ALPHABETICALLY BY Name 

address    name
--------   ----
00009000   .text
000098d4   C$$EXIT
00009739   FS$$DIV
00009879   I$$DIV
0000988a   I$$MOD
00009416   _ADCINT_ISR
00380080   _ADC_cal
00000b00   _AdcMirror
00007100   _AdcRegs
00000c00   _CpuTimer0Regs
00000c08   _CpuTimer1Regs
00000c10   _CpuTimer2Regs
0033fff8   _CsmPwl
00000ae0   _CsmRegs
00009708   _CsmUnlock
00009344   _DATALOG_ISR
00009538   _DINTCH1_ISR
00009542   _DINTCH2_ISR
0000954c   _DINTCH3_ISR
00009556   _DINTCH4_ISR
00009560   _DINTCH5_ISR
0000956a   _DINTCH6_ISR
0000884f   _DSP28x_usDelay
000090df   _Delay_1ms
000090ef   _Delay_3us
000090cf   _Delay_50ms
00000880   _DevEmuRegs
00009659   _DisableDog
00001000   _DmaRegs
000095c4   _ECAN0INTA_ISR
000095d8   _ECAN0INTB_ISR
000095ce   _ECAN1INTA_ISR
000095e2   _ECAN1INTB_ISR
000094ac   _ECAP1_INT_ISR
000094b6   _ECAP2_INT_ISR
000094c0   _ECAP3_INT_ISR
000094ca   _ECAP4_INT_ISR
000094d4   _ECAP5_INT_ISR
000094de   _ECAP6_INT_ISR
00006040   _ECanaLAMRegs
000060c0   _ECanaMOTORegs
00006080   _ECanaMOTSRegs
00006100   _ECanaMboxes
00006000   _ECanaRegs
00006240   _ECanbLAMRegs
000062c0   _ECanbMOTORegs
00006280   _ECanbMOTSRegs
00006300   _ECanbMboxes
00006200   _ECanbRegs
00006a00   _ECap1Regs
00006a20   _ECap2Regs
00006a40   _ECap3Regs
00006a60   _ECap4Regs
00006a80   _ECap5Regs
00006aa0   _ECap6Regs
00009358   _EMUINT_ISR
00009470   _EPWM1_INT_ISR
00009434   _EPWM1_TZINT_ISR
0000947a   _EPWM2_INT_ISR
0000943e   _EPWM2_TZINT_ISR
00009484   _EPWM3_INT_ISR
00009448   _EPWM3_TZINT_ISR
0000948e   _EPWM4_INT_ISR
00009452   _EPWM4_TZINT_ISR
00009498   _EPWM5_INT_ISR
0000945c   _EPWM5_TZINT_ISR
000094a2   _EPWM6_INT_ISR
00009466   _EPWM6_TZINT_ISR
00006800   _EPwm1Regs
00006840   _EPwm2Regs
00006880   _EPwm3Regs
000068c0   _EPwm4Regs
00006900   _EPwm5Regs
00006940   _EPwm6Regs
000094e8   _EQEP1_INT_ISR
000094f2   _EQEP2_INT_ISR
00006b00   _EQep1Regs
00006b40   _EQep2Regs
00009870   _EnableInterrupts
00000a80   _FlashRegs
00006f80   _GpioCtrlRegs
00006fc0   _GpioDataRegs
00006fe0   _GpioIntRegs
00009574   _I2CINT1A_ISR
0000957e   _I2CINT2A_ISR
00007900   _I2caRegs
00009000   _IIC_Start
00009015   _IIC_Stop
00009028   _IIC_Wait_Ack
0000936c   _ILLEGAL_ISR
00009330   _INT13_ISR
0000933a   _INT14_ISR
00008834   _InitFlash
000098ed   _InitGpio
000096ad   _InitPeripheralClocks
00009851   _InitPieCtrl
0000989b   _InitPieVectTable
00009661   _InitPll
00009646   _InitSysCtrl
00009628   _LUF_ISR
0000961e   _LVF_ISR
00009904   _Led_Init
00009524   _MRINTA_ISR
00009510   _MRINTB_ISR
0000952e   _MXINTA_ISR
0000951a   _MXINTB_ISR
00005000   _McbspaRegs
00005040   _McbspbRegs
00009362   _NMI_ISR
0000912a   _OLED_Clear
0000911d   _OLED_Display_Off
00009110   _OLED_Display_On
00009278   _OLED_DrawBMP
000092a6   _OLED_Init
0000914e   _OLED_On
000090fa   _OLED_Set_Pos
00009172   _OLED_ShowChar
000091e0   _OLED_ShowNum
0000925b   _OLED_ShowString
0000909c   _OLED_WR_Byte
00009632   _PIE_RESERVED
00000ce0   _PieCtrlRegs
00000d00   _PieVectTable
0000d000   _PieVectTableInit
0000934e   _RTOSINT_ISR
0000959c   _SCIRXINTA_ISR
000095b0   _SCIRXINTB_ISR
00009588   _SCIRXINTC_ISR
000095a6   _SCITXINTA_ISR
000095ba   _SCITXINTB_ISR
00009592   _SCITXINTC_ISR
000093ee   _SEQ1INT_ISR
000093f8   _SEQ2INT_ISR
000094fc   _SPIRXINTA_ISR
00009506   _SPITXINTA_ISR
00007050   _SciaRegs
00007750   _ScibRegs
00007770   _ScicRegs
0000964f   _ServiceDog
00007040   _SpiaRegs
00007010   _SysCtrlRegs
00009420   _TINT0_ISR
000093d0   _USER10_ISR
000093da   _USER11_ISR
000093e4   _USER12_ISR
00009376   _USER1_ISR
00009380   _USER2_ISR
0000938a   _USER3_ISR
00009394   _USER4_ISR
0000939e   _USER5_ISR
000093a8   _USER6_ISR
000093b2   _USER7_ISR
000093bc   _USER8_ISR
000093c6   _USER9_ISR
0000942a   _WAKEINT_ISR
00009039   _Write_IIC_Byte
0000906e   _Write_IIC_Command
00009085   _Write_IIC_Data
00009402   _XINT1_ISR
0000940c   _XINT2_ISR
000095ec   _XINT3_ISR
000095f6   _XINT4_ISR
00009600   _XINT5_ISR
0000960a   _XINT6_ISR
00009614   _XINT7_ISR
00007070   _XIntruptRegs
00000b20   _XintfRegs
00000700   __STACK_END
00000300   __STACK_SIZE
00000001   __TI_args_main
0000c834   ___TI_cleanup_ptr
0000c836   ___TI_dtors_ptr
ffffffff   ___binit__
ffffffff   ___c_args__
00008000   ___cinit__
00009929   ___etext__
ffffffff   ___pinit__
00009000   ___text__
000098bb   __args_main
0000c832   __lock
00009920   __nop
0000991c   __register_lock
00009918   __register_unlock
00000400   __stack
0000c830   __unlock
000098d4   _abort
0000980b   _c_int00
000098d6   _exit
000090aa   _fill_picture
000097c1   _main
000091ce   _oled_pow
0000963c   _rsvd_ISR
ffffffff   binit
00008000   cinit
00000000   code_start
00009929   etext
ffffffff   pinit


GLOBAL SYMBOLS: SORTED BY Symbol Address 

address    name
--------   ----
00000000   code_start
00000001   __TI_args_main
00000300   __STACK_SIZE
00000400   __stack
00000700   __STACK_END
00000880   _DevEmuRegs
00000a80   _FlashRegs
00000ae0   _CsmRegs
00000b00   _AdcMirror
00000b20   _XintfRegs
00000c00   _CpuTimer0Regs
00000c08   _CpuTimer1Regs
00000c10   _CpuTimer2Regs
00000ce0   _PieCtrlRegs
00000d00   _PieVectTable
00001000   _DmaRegs
00005000   _McbspaRegs
00005040   _McbspbRegs
00006000   _ECanaRegs
00006040   _ECanaLAMRegs
00006080   _ECanaMOTSRegs
000060c0   _ECanaMOTORegs
00006100   _ECanaMboxes
00006200   _ECanbRegs
00006240   _ECanbLAMRegs
00006280   _ECanbMOTSRegs
000062c0   _ECanbMOTORegs
00006300   _ECanbMboxes
00006800   _EPwm1Regs
00006840   _EPwm2Regs
00006880   _EPwm3Regs
000068c0   _EPwm4Regs
00006900   _EPwm5Regs
00006940   _EPwm6Regs
00006a00   _ECap1Regs
00006a20   _ECap2Regs
00006a40   _ECap3Regs
00006a60   _ECap4Regs
00006a80   _ECap5Regs
00006aa0   _ECap6Regs
00006b00   _EQep1Regs
00006b40   _EQep2Regs
00006f80   _GpioCtrlRegs
00006fc0   _GpioDataRegs
00006fe0   _GpioIntRegs
00007010   _SysCtrlRegs
00007040   _SpiaRegs
00007050   _SciaRegs
00007070   _XIntruptRegs
00007100   _AdcRegs
00007750   _ScibRegs
00007770   _ScicRegs
00007900   _I2caRegs
00008000   ___cinit__
00008000   cinit
00008834   _InitFlash
0000884f   _DSP28x_usDelay
00009000   .text
00009000   _IIC_Start
00009000   ___text__
00009015   _IIC_Stop
00009028   _IIC_Wait_Ack
00009039   _Write_IIC_Byte
0000906e   _Write_IIC_Command
00009085   _Write_IIC_Data
0000909c   _OLED_WR_Byte
000090aa   _fill_picture
000090cf   _Delay_50ms
000090df   _Delay_1ms
000090ef   _Delay_3us
000090fa   _OLED_Set_Pos
00009110   _OLED_Display_On
0000911d   _OLED_Display_Off
0000912a   _OLED_Clear
0000914e   _OLED_On
00009172   _OLED_ShowChar
000091ce   _oled_pow
000091e0   _OLED_ShowNum
0000925b   _OLED_ShowString
00009278   _OLED_DrawBMP
000092a6   _OLED_Init
00009330   _INT13_ISR
0000933a   _INT14_ISR
00009344   _DATALOG_ISR
0000934e   _RTOSINT_ISR
00009358   _EMUINT_ISR
00009362   _NMI_ISR
0000936c   _ILLEGAL_ISR
00009376   _USER1_ISR
00009380   _USER2_ISR
0000938a   _USER3_ISR
00009394   _USER4_ISR
0000939e   _USER5_ISR
000093a8   _USER6_ISR
000093b2   _USER7_ISR
000093bc   _USER8_ISR
000093c6   _USER9_ISR
000093d0   _USER10_ISR
000093da   _USER11_ISR
000093e4   _USER12_ISR
000093ee   _SEQ1INT_ISR
000093f8   _SEQ2INT_ISR
00009402   _XINT1_ISR
0000940c   _XINT2_ISR
00009416   _ADCINT_ISR
00009420   _TINT0_ISR
0000942a   _WAKEINT_ISR
00009434   _EPWM1_TZINT_ISR
0000943e   _EPWM2_TZINT_ISR
00009448   _EPWM3_TZINT_ISR
00009452   _EPWM4_TZINT_ISR
0000945c   _EPWM5_TZINT_ISR
00009466   _EPWM6_TZINT_ISR
00009470   _EPWM1_INT_ISR
0000947a   _EPWM2_INT_ISR
00009484   _EPWM3_INT_ISR
0000948e   _EPWM4_INT_ISR
00009498   _EPWM5_INT_ISR
000094a2   _EPWM6_INT_ISR
000094ac   _ECAP1_INT_ISR
000094b6   _ECAP2_INT_ISR
000094c0   _ECAP3_INT_ISR
000094ca   _ECAP4_INT_ISR
000094d4   _ECAP5_INT_ISR
000094de   _ECAP6_INT_ISR
000094e8   _EQEP1_INT_ISR
000094f2   _EQEP2_INT_ISR
000094fc   _SPIRXINTA_ISR
00009506   _SPITXINTA_ISR
00009510   _MRINTB_ISR
0000951a   _MXINTB_ISR
00009524   _MRINTA_ISR
0000952e   _MXINTA_ISR
00009538   _DINTCH1_ISR
00009542   _DINTCH2_ISR
0000954c   _DINTCH3_ISR
00009556   _DINTCH4_ISR
00009560   _DINTCH5_ISR
0000956a   _DINTCH6_ISR
00009574   _I2CINT1A_ISR
0000957e   _I2CINT2A_ISR
00009588   _SCIRXINTC_ISR
00009592   _SCITXINTC_ISR
0000959c   _SCIRXINTA_ISR
000095a6   _SCITXINTA_ISR
000095b0   _SCIRXINTB_ISR
000095ba   _SCITXINTB_ISR
000095c4   _ECAN0INTA_ISR
000095ce   _ECAN1INTA_ISR
000095d8   _ECAN0INTB_ISR
000095e2   _ECAN1INTB_ISR
000095ec   _XINT3_ISR
000095f6   _XINT4_ISR
00009600   _XINT5_ISR
0000960a   _XINT6_ISR
00009614   _XINT7_ISR
0000961e   _LVF_ISR
00009628   _LUF_ISR
00009632   _PIE_RESERVED
0000963c   _rsvd_ISR
00009646   _InitSysCtrl
0000964f   _ServiceDog
00009659   _DisableDog
00009661   _InitPll
000096ad   _InitPeripheralClocks
00009708   _CsmUnlock
00009739   FS$$DIV
000097c1   _main
0000980b   _c_int00
00009851   _InitPieCtrl
00009870   _EnableInterrupts
00009879   I$$DIV
0000988a   I$$MOD
0000989b   _InitPieVectTable
000098bb   __args_main
000098d4   C$$EXIT
000098d4   _abort
000098d6   _exit
000098ed   _InitGpio
00009904   _Led_Init
00009918   __register_unlock
0000991c   __register_lock
00009920   __nop
00009929   ___etext__
00009929   etext
0000c830   __unlock
0000c832   __lock
0000c834   ___TI_cleanup_ptr
0000c836   ___TI_dtors_ptr
0000d000   _PieVectTableInit
0033fff8   _CsmPwl
00380080   _ADC_cal
ffffffff   ___binit__
ffffffff   ___c_args__
ffffffff   ___pinit__
ffffffff   binit
ffffffff   pinit

[197 symbols]
